// Jest Snapshot v1, https://goo.gl/fbAQLP

exports[`
    GIVEN InviteSuccessModal component
    THEN rendering it should match the snapshot
 1`] = `
<div
  className="modal"
>
  <div
    className="content"
  >
    <div>
      <h2>
        All done!
      </h2>
      <hr
        className="ruler ruler"
      />
    </div>
    <p>
      You will be one of the first to experience Broccoli & Co. when we launch.
    </p>
    <button
      className="button fullWidth "
      onClick={[Function]}
    >
      ok
    </button>
  </div>
</div>
`;
